[08/06/2026 20:21:53] Sistema iniciado
[08/06/2026 20:21:53] Usuário 'admin' fez login
[08/06/2026 20:21:53] Arquivo alunos.txt modificado
[08/06/2026 20:21:53] Sistema encerrado
[08/06/2026 20:22:06] Sistema iniciado
[08/06/2026 20:22:06] Usuário 'admin' fez login
[08/06/2026 20:22:06] Arquivo alunos.txt modificado
[08/06/2026 20:22:06] Sistema encerrado
[08/06/2026 20:29:28] Sistema iniciado
[08/06/2026 20:29:28] Usuário 'admin' fez login
[08/06/2026 20:29:28] Arquivo alunos.txt modificado
[08/06/2026 20:29:28] Sistema encerrado
[08/06/2026 20:30:56] Sistema iniciado
[08/06/2026 20:30:56] Usuário 'admin' fez login
[08/06/2026 20:30:56] Arquivo alunos.txt modificado
[08/06/2026 20:30:56] Sistema encerrado
[09/06/2026 23:17:28] Sistema iniciado
[09/06/2026 23:17:28] Usuário 'admin' fez login
[09/06/2026 23:17:28] Arquivo alunos.txt modificado
[09/06/2026 23:17:28] Sistema encerrado
[09/06/2026 23:17:34] Sistema iniciado
[09/06/2026 23:17:34] Usuário 'admin' fez login
[09/06/2026 23:17:34] Arquivo alunos.txt modificado
[09/06/2026 23:17:34] Sistema encerrado
